// Jest Snapshot v1, https://goo.gl/fbAQLP

exports[`Main --- Snapshot Capturing Snapshot of Main 1`] = `
<body
  id="app"
>
  <div>
    <div
      class="container"
    >
      <header
        class="container border"
      >
        <div
          class="container"
        >
          <section>
            <div
              class="subtitle"
            >
              <a
                href="/activity"
              >
                Activity
              </a>
              <p
                style="margin: 0px 0.5rem;"
              >
                /
              </p>
              <p>
                Sparkle Flow with extra glitter and donuts on the side
              </p>
            </div>
            <h1
              class="title"
            >
              Workflow run detail
            </h1>
          </section>
          <div
            class="content"
          >
            <div
              class="data"
            >
              <p
                class="dataTitle"
              >
                Team
              </p>
              <p
                class="dataValue"
              />
            </div>
            <div
              class="data"
            >
              <p
                class="dataTitle"
              >
                Initiated by
              </p>
              <span
                aria-hidden="false"
                aria-label="robot"
                role="img"
              >
                ðŸ¤–
              </span>
            </div>
            <div
              class="data"
            >
              <p
                class="dataTitle"
              >
                Trigger
              </p>
              <p
                class="dataValue"
              />
            </div>
            <div
              class="data"
            >
              <p
                class="dataTitle"
              >
                Team
              </p>
              <p
                class="dataValue"
              >
                2019-01-01 12:00 AM
              </p>
            </div>
          </div>
        </div>
      </header>
      <main
        class="executionResultContainer"
      >
        <aside
          class="container "
        >
          <section
            class="statusBlock inProgress"
          >
            <div
              class="duration"
            >
              <p
                class="title"
              >
                Duration
              </p>
              <time
                class="value"
              >
                --
              </time>
            </div>
            <div
              class="status"
            >
              <p
                class="title"
              >
                Status
              </p>
              <div
                class="statusData"
              >
                <svg
                  aria-label="inProgress"
                  class="statusIcon"
                  focusable="false"
                  height="32"
                  preserveAspectRatio="xMidYMid meet"
                  role="img"
                  style="will-change: transform;"
                  viewBox="0 0 32 32"
                  width="32"
                  xmlns="http://www.w3.org/2000/svg"
                >
                  <path
                    d="M15 11h2v9h-2zm-2-9h6v2h-6z"
                  />
                  <path
                    d="M28 9l-1.42-1.41-2.25 2.25a10.94 10.94 0 1 0 1.18 1.65zM16 26a9 9 0 1 1 9-9 9 9 0 0 1-9 9z"
                  />
                </svg>
                <p
                  class="value"
                >
                  In Progress
                </p>
              </div>
            </div>
            <button
              class="collapseButton"
            >
              <svg
                aria-hidden="true"
                class="chevron"
                focusable="false"
                height="32"
                preserveAspectRatio="xMidYMid meet"
                style="will-change: transform;"
                viewBox="0 0 32 32"
                width="32"
                xmlns="http://www.w3.org/2000/svg"
              >
                <path
                  d="M10 16L20 6l1.4 1.4-8.6 8.6 8.6 8.6L20 26z"
                />
              </svg>
            </button>
          </section>
          <section
            class="taskbar"
          >
            <p
              class="taskbarTitle"
            >
              Task log
            </p>
            <button
              class="taskbarButton"
            >
              <svg
                aria-hidden="true"
                class="taskbarArrows"
                focusable="false"
                height="32"
                preserveAspectRatio="xMidYMid meet"
                style="will-change: transform;"
                viewBox="0 0 32 32"
                width="32"
                xmlns="http://www.w3.org/2000/svg"
              >
                <path
                  d="M26.6 20.6L23 24.2V4h-2v20.2l-3.6-3.6L16 22l6 6 6-6zM10 4l-6 6 1.4 1.4L9 7.8V28h2V7.8l3.6 3.6L16 10z"
                />
              </svg>
            </button>
          </section>
          <ul
            class="tasklog"
          />
        </aside>
      </main>
    </div>
  </div>
</body>
`;
