// Jest Snapshot v1, https://goo.gl/fbAQLP

exports[`WorkflowCard --- Snapshot Capturing Snapshot of WorkflowCard 1`] = `
<div
  className="c-workflow-card"
>
  <div
    aria-expanded={false}
    aria-haspopup={true}
    aria-label="card menu"
    className="b-workflow-card__menu bx--overflow-menu"
    onBlur={[Function]}
    onClick={[Function]}
    onClose={[Function]}
    onKeyDown={[Function]}
    open={false}
    role="menu"
    style={
      Object {
        "position": "absolute",
        "right": "0",
      }
    }
    tabIndex={0}
  >
    <svg
      alt="overflow menu icon"
      aria-label="overflow menu icon"
      className="bx--overflow-menu__icon"
      fillRule="evenodd"
      focusable="false"
      height="15"
      onClick={[Function]}
      onKeyDown={[Function]}
      role="img"
      viewBox="0 0 3 15"
      width="3"
    >
      <title>
        overflow menu icon
      </title>
      <path
        d="M0 1.5a1.5 1.5 0 1 1 3 0 1.5 1.5 0 1 1-3 0M0 7.5a1.5 1.5 0 1 1 3 0 1.5 1.5 0 1 1-3 0M0 13.5a1.5 1.5 0 1 1 3 0 1.5 1.5 0 1 1-3 0"
      />
    </svg>
  </div>
  <div
    className="c-workflow-card__info"
  >
    <div
      className="c-workflow-card__icon"
    >
      <img
        alt="icon"
        className="b-workflow-card__icon"
        src="secure.svg"
      />
    </div>
    <div
      className="c-workflow-card__description"
    >
      <a
        href="/editor/789/designer"
        onClick={[Function]}
      >
        <h2
          className="b-workflow-card__name"
        >
          lucas-workflow-3
        </h2>
      </a>
      <p
        className="b-workflow-card__description"
      />
      <span
        className="b-workflow-card-launch"
        data-for="789"
        data-tip={true}
      >
        <div
          onClick={[Function]}
          onKeyPress={[Function]}
          style={
            Object {
              "width": "fit-content",
            }
          }
        >
          <button>
            <img
              alt="Execute workflow"
              className="b-workflow-card-launch__icon"
              src="playButton.svg"
            />
          </button>
        </div>
      </span>
      <div
        className="__react_component_tooltip place-bottom type-dark "
        data-id="tooltip"
        id="789"
      >
        Execute workflow
      </div>
    </div>
  </div>
</div>
`;
