// Jest Snapshot v1, https://goo.gl/fbAQLP

exports[`TimeProgressBar --- Snapshot Capturing Snapshot of TimeProgressBar 1`] = `
<div
  className="c-time-progress-bar"
>
  <div
    className="b-time-progress-bar"
  >
    <div
      className="b-time-progress-bar__start"
    >
      Start
    </div>
    <div
      className="b-time-progress-bar__finish"
    >
      Finish
    </div>
  </div>
</div>
`;
