// Jest Snapshot v1, https://goo.gl/fbAQLP

exports[`ActivityList --- Snapshot Capturing Snapshot of ActivityList 1`] = `
<body>
  <div>
    <div
      class="c-activity-list"
    >
      <a
        class="c-activities-card --completed"
        href="/activity/5bd9d8ab7eb44d0001772e64/execution/5bdade3d37dc4700011b06c3"
      >
        <div
          class="c-activity-card-workflow"
        >
          <div
            class="c-activity-card-section--left"
          >
            <div
              class="c-activity-card__icon"
            >
              <img
                alt="Worklflow icon"
                class="b-activity-card__icon"
                src="flow.svg"
              />
            </div>
            <div
              class="c-activity-card-workflow-info"
            >
              <label
                class="b-activity-card__name"
              >
                Business Process Test
              </label>
              <label
                class="b-activity-card__description"
              >
                file ingestion
              </label>
            </div>
          </div>
          <div
            class="c-activity-card-section--right"
          >
            <div
              class="c-activity-card-execution-info --first"
            >
              <section
                class="b-activity-card__row"
              >
                <p
                  class="b-activity-card__label"
                >
                  Team
                </p>
                <p
                  class="b-activity-card__data"
                >
                  Isa's Team
                </p>
              </section>
              <section
                class="b-activity-card__row"
              >
                <p
                  class="b-activity-card__label"
                >
                  Trigger
                </p>
                <p
                  class="b-activity-card__data"
                >
                  ---
                </p>
              </section>
              <section
                class="b-activity-card__row"
              >
                <p
                  class="b-activity-card__label"
                >
                  Initiated by
                </p>
                <p
                  class="b-activity-card__data"
                >
                  ---
                </p>
              </section>
            </div>
            <div
              class="c-activity-card-execution-info"
            >
              <section
                class="b-activity-card__row"
              >
                <p
                  class="b-activity-card__label"
                >
                  Start Time
                </p>
                <p
                  class="b-activity-card__data"
                >
                  2019-01-01 12:00 AM
                </p>
              </section>
              <section
                class="b-activity-card__row"
              >
                <p
                  class="b-activity-card__label"
                >
                  Duration
                </p>
                <p
                  class="b-activity-card__data"
                >
                  13 seconds
                </p>
              </section>
              <section
                class="b-activity-card__row"
              >
                <p
                  class="b-activity-card__label"
                >
                   Status
                </p>
                <p
                  class="b-activity-card__data"
                >
                  <img
                    alt="Status completed"
                    class="b-activity-card__status-icon"
                    src="passed.svg"
                  />
                  Succeeded
                </p>
              </section>
            </div>
          </div>
        </div>
      </a>
    </div>
    <aside
      aria-label="Scroll to top of page"
      class="c-activities__scroll-up "
      data-testid="react-scroll-up-button"
      role="button"
      tabindex="-1"
    >
      <div
        style="display: flex; flex-direction: column; align-items: center;"
      >
        <img
          alt="chevron"
          class="b-activities__scroll-button"
          src="doublechevron.svg"
        />
        <div
          class="b-activities__scroll-label"
        >
          Go to top
        </div>
      </div>
    </aside>
  </div>
</body>
`;
