// Jest Snapshot v1, https://goo.gl/fbAQLP

exports[`WorkflowsSection --- Snapshot Capturing Snapshot of WorkflowsSection 1`] = `
<body>
  <div>
    <section
      class="c-workflow-section"
    >
      <div
        class="c-workflow-section__header"
      >
        <h1
          class="b-workflow-section__team"
        >
          Lucas' team
        </h1>
        <button>
          <svg
            alt="Import Workflow"
            aria-hidden="true"
            class="b-workflow-import__icon"
            currentItem="false"
            data-for="1234"
            data-tip="true"
            focusable="false"
            height="16"
            preserveAspectRatio="xMidYMid meet"
            style="will-change: transform;"
            viewBox="0 0 16 16"
            width="16"
            xmlns="http://www.w3.org/2000/svg"
          >
            <path
              d="M3 9l.7.7 3.8-3.8V15h1V5.9l3.8 3.8.7-.7-5-5zm0-5V2h10v2h1V2c0-.6-.4-1-1-1H3c-.6 0-1 .4-1 1v2h1z"
            />
          </svg>
        </button>
        <div
          class="bx--modal bx--bmrg-modal-flow"
          role="presentation"
          tabindex="-1"
        >
          <div
            class="bx--modal-container bx--bmrg-modal-flow-container"
          >
            <div
              class="bx--modal-header"
            >
              <p
                class="bx--modal-header__heading bx--type-beta"
              >
                Workflow Import
              </p>
              <p
                class="bx--bmrg-modal-flow-subtitle"
              >
                Import your own workflow
              </p>
              <button
                class="bx--modal-close"
                title="Close the modal"
                type="button"
              >
                <svg
                  aria-label="Close the modal"
                  class="bx--modal-close__icon"
                  focusable="false"
                  height="20"
                  preserveAspectRatio="xMidYMid meet"
                  role="img"
                  style="will-change: transform;"
                  viewBox="0 0 32 32"
                  width="20"
                  xmlns="http://www.w3.org/2000/svg"
                >
                  <path
                    d="M24 9.4L22.6 8 16 14.6 9.4 8 8 9.4l6.6 6.6L8 22.6 9.4 24l6.6-6.6 6.6 6.6 1.4-1.4-6.6-6.6L24 9.4z"
                  />
                </svg>
              </button>
            </div>
            <ul
              class="bx--progress"
            >
              <li
                class="bx--progress-step bx--progress-step--current"
              >
                <div
                  class="bx--progress-step-button bx--progress-step-button--unclickable"
                  role="button"
                  tabindex="-1"
                >
                  <svg>
                    <path
                      d="M 7, 7 m -7, 0 a 7,7 0 1,0 14,0 a 7,7 0 1,0 -14,0"
                    />
                    <title />
                  </svg>
                  <p
                    class="bx--progress-label"
                  >
                    Type
                  </p>
                  <span
                    class="bx--progress-line"
                  />
                </div>
              </li>
              <li
                class="bx--progress-step bx--progress-step--incomplete"
              >
                <div
                  class="bx--progress-step-button bx--progress-step-button--unclickable"
                  role="button"
                  tabindex="-1"
                >
                  <svg>
                    <title />
                    <path
                      d="M8 1C4.1 1 1 4.1 1 8s3.1 7 7 7 7-3.1 7-7-3.1-7-7-7zm0 13c-3.3 0-6-2.7-6-6s2.7-6 6-6 6 2.7 6 6-2.7 6-6 6z"
                    />
                  </svg>
                  <p
                    class="bx--progress-label"
                  >
                    Attachment
                  </p>
                  <span
                    class="bx--progress-line"
                  />
                </div>
              </li>
              <li
                class="bx--progress-step bx--progress-step--incomplete"
              >
                <div
                  class="bx--progress-step-button bx--progress-step-button--unclickable"
                  role="button"
                  tabindex="-1"
                >
                  <svg>
                    <title />
                    <path
                      d="M8 1C4.1 1 1 4.1 1 8s3.1 7 7 7 7-3.1 7-7-3.1-7-7-7zm0 13c-3.3 0-6-2.7-6-6s2.7-6 6-6 6 2.7 6 6-2.7 6-6 6z"
                    />
                  </svg>
                  <p
                    class="bx--progress-label"
                  >
                    Confirm
                  </p>
                  <span
                    class="bx--progress-line"
                  />
                </div>
              </li>
            </ul>
          </div>
        </div>
        <div
          class="__react_component_tooltip place-top type-dark "
          data-id="tooltip"
          id="Lucas' team"
        >
          Import Workflow
        </div>
      </div>
      <div
        class="c-workflow-section__workflows"
      >
        <button
          class="b-workflow-placeholder"
        >
          <div
            class="b-workflow-placeholder__box"
          >
            <svg
              aria-hidden="true"
              class="b-workflow-placeholder__plus"
              currentItem="false"
              data-for="1234"
              data-tip="true"
              focusable="false"
              height="32"
              preserveAspectRatio="xMidYMid meet"
              style="will-change: transform;"
              viewBox="0 0 32 32"
              width="32"
              xmlns="http://www.w3.org/2000/svg"
            >
              <path
                d="M17 15V7h-2v8H7v2h8v8h2v-8h8v-2h-8z"
              />
            </svg>
          </div>
          <div
            class="__react_component_tooltip place-top type-dark "
            data-id="tooltip"
            id="1234"
          >
            Create Workflow
          </div>
        </button>
      </div>
    </section>
  </div>
</body>
`;
