// Jest Snapshot v1, https://goo.gl/fbAQLP

exports[`StepSideInfo --- Snapshot Capturing Snapshot of StepSideInfo 1`] = `
<div
  className="c-step-side-info"
>
  <div
    className="s-step-side-info-title"
  >
    test task
  </div>
  <div
    className="c-step-side-info-details"
  >
    <div
      className="b-step-side-info-field"
    >
      <div
        className="b-step-side-info-field__key"
      >
        Type
      </div>
      <div
        className="b-step-side-info-field__value"
      >
        Task
      </div>
    </div>
    <div
      className="b-step-side-info-field"
    >
      <div
        className="b-step-side-info-field__key"
      >
        Status
      </div>
      <div
        className="b-step-side-info-field__value"
      >
        <img
          alt="Status"
        />
      </div>
    </div>
    <div
      className="b-step-side-info-field"
    >
      <div
        className="b-step-side-info-field__key"
      >
        Start Time
      </div>
      <div
        className="b-step-side-info-field__value"
      >
        January 1st 2019, 12:00:00 am
      </div>
    </div>
    <div
      className="b-step-side-info-field"
    >
      <div
        className="b-step-side-info-field__key"
      >
        Duration
      </div>
      <div
        className="b-step-side-info-field__value"
      >
        ---
      </div>
    </div>
    <div
      className="b-step-side-info-field"
    >
      <div
        className="b-step-side-info-field__key"
      >
        Log
      </div>
      <div
        className="b-step-side-info-field__value"
      >
        <TaskExecutionLog
          flowActivityId="1"
          flowTaskName="test task"
        />
      </div>
    </div>
  </div>
</div>
`;
