// Jest Snapshot v1, https://goo.gl/fbAQLP

exports[`ExecutionTaskLog --- Snapshot Capturing Snapshot of ExecutionTaskLog 1`] = `
<body
  id="app"
>
  <div>
    <aside
      class="container "
    >
      <section
        class="statusBlock completed"
      >
        <div
          class="duration"
        >
          <p
            class="title"
          >
            Duration
          </p>
          <time
            class="value"
          >
            15min
          </time>
        </div>
        <div
          class="status"
        >
          <p
            class="title"
          >
            Status
          </p>
          <div
            class="statusData"
          >
            <svg
              aria-label="completed"
              class="statusIcon"
              focusable="false"
              height="32"
              preserveAspectRatio="xMidYMid meet"
              role="img"
              style="will-change: transform;"
              viewBox="0 0 32 32"
              width="32"
              xmlns="http://www.w3.org/2000/svg"
            >
              <path
                d="M16 2a14 14 0 1 0 14 14A14 14 0 0 0 16 2zm0 26a12 12 0 1 1 12-12 12 12 0 0 1-12 12z"
              />
              <path
                d="M14 21.5l-5-4.96 1.59-1.57L14 18.35 21.41 11 23 12.58l-9 8.92z"
              />
            </svg>
            <p
              class="value"
            >
              Succeeded
            </p>
          </div>
        </div>
        <button
          class="collapseButton"
        >
          <svg
            aria-hidden="true"
            class="chevron"
            focusable="false"
            height="32"
            preserveAspectRatio="xMidYMid meet"
            style="will-change: transform;"
            viewBox="0 0 32 32"
            width="32"
            xmlns="http://www.w3.org/2000/svg"
          >
            <path
              d="M10 16L20 6l1.4 1.4-8.6 8.6 8.6 8.6L20 26z"
            />
          </svg>
        </button>
      </section>
      <section
        class="taskbar"
      >
        <p
          class="taskbarTitle"
        >
          Task log
        </p>
        <button
          class="taskbarButton"
        >
          <svg
            aria-hidden="true"
            class="taskbarArrows"
            focusable="false"
            height="32"
            preserveAspectRatio="xMidYMid meet"
            style="will-change: transform;"
            viewBox="0 0 32 32"
            width="32"
            xmlns="http://www.w3.org/2000/svg"
          >
            <path
              d="M26.6 20.6L23 24.2V4h-2v20.2l-3.6-3.6L16 22l6 6 6-6zM10 4l-6 6 1.4 1.4L9 7.8V28h2V7.8l3.6 3.6L16 10z"
            />
          </svg>
        </button>
      </section>
      <section
        class="tasklog"
      >
        <div
          class="taskitem completed"
        >
          <section
            class="header"
          >
            <div
              class="title"
            >
              <svg
                aria-label="completed"
                class="taskIcon"
                focusable="false"
                height="32"
                preserveAspectRatio="xMidYMid meet"
                role="img"
                style="will-change: transform;"
                viewBox="0 0 32 32"
                width="32"
                xmlns="http://www.w3.org/2000/svg"
              >
                <path
                  d="M16 2a14 14 0 1 0 14 14A14 14 0 0 0 16 2zm0 26a12 12 0 1 1 12-12 12 12 0 0 1-12 12z"
                />
                <path
                  d="M14 21.5l-5-4.96 1.59-1.57L14 18.35 21.41 11 23 12.58l-9 8.92z"
                />
              </svg>
              <p>
                Send Slack Message
              </p>
            </div>
            <div
              class="status completed"
            >
              <svg
                aria-label="completed"
                class="statusIcon"
                focusable="false"
                height="32"
                preserveAspectRatio="xMidYMid meet"
                role="img"
                style="will-change: transform;"
                viewBox="0 0 32 32"
                width="32"
                xmlns="http://www.w3.org/2000/svg"
              >
                <path
                  d="M16 2a14 14 0 1 0 14 14A14 14 0 0 0 16 2zm0 26a12 12 0 1 1 12-12 12 12 0 0 1-12 12z"
                />
                <path
                  d="M14 21.5l-5-4.96 1.59-1.57L14 18.35 21.41 11 23 12.58l-9 8.92z"
                />
              </svg>
              <p>
                Succeeded
              </p>
            </div>
          </section>
          <section
            class="data"
          >
            <p
              class="subtitle"
            >
              Subtitle
            </p>
            <div
              class="time"
            >
              <p
                class="timeTitle"
              >
                Start time
              </p>
              <time
                class="timeValue"
              >
                12:00 AM
              </time>
            </div>
            <div
              class="time"
            >
              <p
                class="timeTitle"
              >
                Duration
              </p>
              <time
                class="timeValue"
              >
                5 minutes
              </time>
            </div>
          </section>
          <section
            class="data"
          >
            <button
              class="s-task-log-trigger"
            >
              View Log
            </button>
            <button
              class="s-output-properties-trigger"
            >
              View Properties
            </button>
          </section>
        </div>
      </section>
      <section
        class="diagram"
      >
        <p
          class="flowStatus"
        >
          Read-only
        </p>
        <button
          class="edit"
        >
          <svg
            aria-hidden="true"
            class="editIcon"
            focusable="false"
            height="32"
            preserveAspectRatio="xMidYMid meet"
            style="will-change: transform;"
            viewBox="0 0 32 32"
            width="32"
            xmlns="http://www.w3.org/2000/svg"
          >
            <path
              d="M2 27h28v2H2zM25.41 9a2 2 0 0 0 0-2.83l-3.58-3.58a2 2 0 0 0-2.83 0l-15 15V24h6.41zm-5-5L24 7.59l-3 3L17.41 7zM6 22v-3.59l10-10L19.59 12l-10 10z"
            />
          </svg>
          <p
            class="editText"
          >
            Edit Workflow
          </p>
        </button>
      </section>
    </aside>
  </div>
  <div
    class="ReactModalPortal"
  />
  <div
    class="ReactModalPortal"
  />
</body>
`;
