// Jest Snapshot v1, https://goo.gl/fbAQLP

exports[`WorkflowExecutionContainer --- Snapshot Capturing Snapshot of WorkflowExecutionContainer 1`] = `
<body>
  <div>
    <div
      class="c-workflow-execution"
    >
      <nav
        style="margin-bottom: 1rem; grid-area: header;"
      >
        <button>
          <a
            class="b-navigate-back"
            href="/activity"
          >
            <svg
              aria-hidden="true"
              class="b-navigate-back__chevron"
              focusable="false"
              height="32"
              preserveAspectRatio="xMidYMid meet"
              style="will-change: transform;"
              viewBox="0 0 32 32"
              width="32"
              xmlns="http://www.w3.org/2000/svg"
            >
              <path
                d="M10 16L20 6l1.4 1.4-8.6 8.6 8.6 8.6L20 26z"
              />
            </svg>
            <div
              class="b-navigate-back__text"
            >
              Back to Activity
            </div>
          </a>
        </button>
      </nav>
      <div
        class="c-time-progress-bar"
      >
        <div
          class="b-time-progress-bar"
        >
          <div
            class="b-time-progress-bar__start"
          >
            Start
          </div>
          <div
            class="b-time-progress-bar__finish"
          >
            Finish
          </div>
        </div>
      </div>
      <div
        class="c-workflow-diagram-execution"
      />
      <aside
        style="grid-area: sidebar;"
      >
        <aside
          class="c-workflow-summary"
        >
          <h1
            class="s-workflow-summary-title"
          >
            Workflow
          </h1>
          <section
            class="c-workflow-summary-details"
          >
            <dl
              class="b-workflow-summary-field"
            >
              <dt
                class="b-workflow-summary-field__key"
              >
                Summary
              </dt>
              <dd
                class="b-workflow-summary-field__value"
              >
                ---
              </dd>
            </dl>
            <dl
              class="b-workflow-summary-field"
            >
              <dt
                class="b-workflow-summary-field__key"
              >
                Description
              </dt>
              <dd
                class="b-workflow-summary-field__value"
              >
                ---
              </dd>
            </dl>
            <dl
              class="b-workflow-summary-field"
            >
              <dt
                class="b-workflow-summary-field__key"
              >
                Version
              </dt>
              <dd
                class="b-workflow-summary-field__value"
              >
                1
              </dd>
            </dl>
            <dl
              class="b-workflow-summary-field"
            >
              <dt
                class="b-workflow-summary-field__key"
              >
                Status
              </dt>
              <dd
                class="b-workflow-summary-field__value"
              >
                Not Started
                <img
                  alt="Status undefined"
                  class="b-activity-card__status-icon"
                  src="pending.svg"
                />
              </dd>
            </dl>
            <dl
              class="b-workflow-summary-field"
            >
              <dt
                class="b-workflow-summary-field__key"
              >
                Start Time
              </dt>
              <dd
                class="b-workflow-summary-field__value"
              >
                January 1st 2019, 12:00:00 am
              </dd>
            </dl>
            <dl
              class="b-workflow-summary-field"
            >
              <dt
                class="b-workflow-summary-field__key"
              >
                Duration
              </dt>
              <dd
                class="b-workflow-summary-field__value"
              >
                ---
              </dd>
            </dl>
          </section>
        </aside>
      </aside>
    </div>
  </div>
</body>
`;
