// Jest Snapshot v1, https://goo.gl/fbAQLP

exports[`PropertiesTable --- Snapshot Test Capturing Snapshot of PropertiesTable 1`] = `
Array [
  <div
    className="container"
  >
    <div
      className="content"
    >
      <div
        className="info"
      >
        <h1
          className="title"
        >
          Configuration
        </h1>
        <p
          className="description"
        >
          Set global properties that are accessible in flow processes.
        </p>
      </div>
      <section
        className="buttons"
      />
    </div>
  </div>,
  <div
    className="tableContainer"
  >
    <div
      className="header"
    >
      <div
        className="bx--search bx--search--xl search"
      >
        <svg
          aria-hidden={true}
          className="bx--search-magnifier"
          focusable="false"
          height={16}
          preserveAspectRatio="xMidYMid meet"
          role="img"
          style={
            Object {
              "willChange": "transform",
            }
          }
          viewBox="0 0 16 16"
          width={16}
          xmlns="http://www.w3.org/2000/svg"
        >
          <path
            d="M15 14.3L10.7 10c1.9-2.3 1.6-5.8-.7-7.7S4.2.7 2.3 3 .7 8.8 3 10.7c2 1.7 5 1.7 7 0l4.3 4.3.7-.7zM2 6.5C2 4 4 2 6.5 2S11 4 11 6.5 9 11 6.5 11 2 9 2 6.5z"
          />
        </svg>
        <label
          className="bx--label"
          htmlFor="properties-table-search"
        >
          Search
        </label>
        <input
          className="bx--search-input"
          id="properties-table-search"
          onChange={[Function]}
          placeholder="Search"
          type="text"
        />
        <button
          aria-label="Clear search input"
          className="bx--search-close bx--search-close--hidden"
          onClick={[Function]}
          type="button"
        >
          <svg
            aria-label="Clear search input"
            focusable="false"
            height={20}
            preserveAspectRatio="xMidYMid meet"
            role="img"
            style={
              Object {
                "willChange": "transform",
              }
            }
            viewBox="0 0 32 32"
            width={20}
            xmlns="http://www.w3.org/2000/svg"
          >
            <path
              d="M24 9.4L22.6 8 16 14.6 9.4 8 8 9.4l6.6 6.6L8 22.6 9.4 24l6.6-6.6 6.6 6.6 1.4-1.4-6.6-6.6L24 9.4z"
            />
          </svg>
        </button>
      </div>
      <div
        onClick={[Function]}
        onKeyPress={[Function]}
        style={
          Object {
            "width": "fit-content",
          }
        }
      >
        <button
          className="bx--btn bx--btn--primary"
          disabled={false}
          tabIndex={0}
          type="button"
        >
          Create Property
        </button>
      </div>
    </div>
    <div
      className="bx--data-table-container"
    >
      <table
        className="bx--data-table bx--data-table--no-border"
        zebra={false}
      >
        <thead>
          <tr
            className="tableHeadRow"
          >
            <th
              className="tableHeadHeader label"
              id="label"
              scope="col"
            >
              <span
                className="bx--table-header-label"
              >
                Label
              </span>
            </th>
            <th
              className="tableHeadHeader key"
              id="key"
              scope="col"
            >
              <span
                className="bx--table-header-label"
              >
                Key
              </span>
            </th>
            <th
              className="tableHeadHeader description"
              id="description"
              scope="col"
            >
              <span
                className="bx--table-header-label"
              >
                Description
              </span>
            </th>
            <th
              className="tableHeadHeader value"
              id="value"
              scope="col"
            >
              <span
                className="bx--table-header-label"
              >
                Value
              </span>
            </th>
            <th
              className="tableHeadHeader secured"
              id="secured"
              scope="col"
            >
              <span
                className="bx--table-header-label"
              >
                Secured
              </span>
            </th>
            <th
              className="tableHeadHeader actions "
              id="actions "
              scope="col"
            >
              <span
                className="bx--table-header-label"
              >
                Actions
              </span>
            </th>
          </tr>
        </thead>
        <tbody
          aria-live="polite"
          className="tableBody"
        >
          <tr
            data-testid="configuration-property-table-row"
          >
            <td
              style={
                Object {
                  "padding": "0",
                }
              }
            >
              <div
                className="tableCell"
              >
                <p
                  className="tableTextarea"
                >
                  ---
                </p>
              </div>
            </td>
            <td
              style={
                Object {
                  "padding": "0",
                }
              }
            >
              <div
                className="tableCell"
              >
                <p
                  className="tableTextarea"
                >
                  test.key
                </p>
              </div>
            </td>
            <td
              style={
                Object {
                  "padding": "0",
                }
              }
            >
              <div
                className="tableCell"
              >
                <p
                  className="tableTextarea"
                >
                  ---
                </p>
              </div>
            </td>
            <td
              style={
                Object {
                  "padding": "0",
                }
              }
            >
              <div
                className="tableCell"
              >
                <p
                  className="tableTextarea"
                >
                  testing
                </p>
              </div>
            </td>
            <td
              style={
                Object {
                  "padding": "0",
                }
              }
            >
              <div
                className="tableCell"
              >
                <svg
                  alt="unsecured"
                  aria-hidden={true}
                  className="tableSecured unsecured"
                  focusable="false"
                  height={32}
                  preserveAspectRatio="xMidYMid meet"
                  style={
                    Object {
                      "willChange": "transform",
                    }
                  }
                  viewBox="0 0 32 32"
                  width={32}
                  xmlns="http://www.w3.org/2000/svg"
                >
                  <path
                    d="M24 9.4L22.6 8 16 14.6 9.4 8 8 9.4l6.6 6.6L8 22.6 9.4 24l6.6-6.6 6.6 6.6 1.4-1.4-6.6-6.6L24 9.4z"
                  />
                </svg>
              </div>
            </td>
            <td
              style={
                Object {
                  "padding": "0",
                }
              }
            >
              <div
                className="tableCell"
              >
                <ActionsMenu
                  addPropertyInStore={[Function]}
                  deleteProperty={[Function]}
                  properties={
                    Array [
                      Object {
                        "id": "1",
                        "key": "test.key",
                        "value": "testing",
                      },
                    ]
                  }
                  property={
                    Object {
                      "id": "1",
                      "key": "test.key",
                      "value": "testing",
                    }
                  }
                  updatePropertyInStore={[Function]}
                />
              </div>
            </td>
          </tr>
        </tbody>
      </table>
    </div>
    <div
      className="bx--pagination"
      disabled={false}
    >
      <div
        className="bx--pagination__left"
      >
        <label
          className="bx--pagination__text"
          htmlFor="bx-pagination-select-1"
          id="bx-pagination-select-1-count-label"
        >
          Items per page:
        </label>
        <div
          className="bx--form-item"
        >
          <div
            className="bx--select bx--select--inline bx--select__item-count"
          >
            <div
              className="bx--select-input--inline__wrapper"
            >
              <div
                className="bx--select-input__wrapper"
                data-invalid={null}
              >
                <select
                  className="bx--select-input"
                  id="bx-pagination-select-1"
                  onChange={[Function]}
                  value={10}
                >
                  <option
                    className="bx--select-option"
                    disabled={false}
                    hidden={false}
                    value={10}
                  >
                    10
                  </option>
                  <option
                    className="bx--select-option"
                    disabled={false}
                    hidden={false}
                    value={25}
                  >
                    25
                  </option>
                  <option
                    className="bx--select-option"
                    disabled={false}
                    hidden={false}
                    value={50}
                  >
                    50
                  </option>
                </select>
                <svg
                  aria-label="open list of options"
                  className="bx--select__arrow"
                  focusable="false"
                  height={16}
                  preserveAspectRatio="xMidYMid meet"
                  role="img"
                  style={
                    Object {
                      "willChange": "transform",
                    }
                  }
                  viewBox="0 0 16 16"
                  width={16}
                  xmlns="http://www.w3.org/2000/svg"
                >
                  <path
                    d="M8 11L3 6l.7-.7L8 9.6l4.3-4.3.7.7z"
                  />
                  <title>
                    open list of options
                  </title>
                </svg>
              </div>
            </div>
          </div>
        </div>
        <span
          className="bx--pagination__text"
        >
          1–1 of 1 items
        </span>
      </div>
      <div
        className="bx--pagination__right"
      >
        <div
          className="bx--form-item"
        >
          <div
            className="bx--select bx--select--inline bx--select__page-number"
          >
            <label
              className="bx--label bx--visually-hidden"
              htmlFor="bx-pagination-select-3"
            >
              Page number, of 1 pages
            </label>
            <div
              className="bx--select-input--inline__wrapper"
            >
              <div
                className="bx--select-input__wrapper"
                data-invalid={null}
              >
                <select
                  className="bx--select-input"
                  id="bx-pagination-select-3"
                  onChange={[Function]}
                  value={1}
                >
                  <option
                    className="bx--select-option"
                    disabled={false}
                    hidden={false}
                    value={1}
                  >
                    1
                  </option>
                </select>
                <svg
                  aria-label="open list of options"
                  className="bx--select__arrow"
                  focusable="false"
                  height={16}
                  preserveAspectRatio="xMidYMid meet"
                  role="img"
                  style={
                    Object {
                      "willChange": "transform",
                    }
                  }
                  viewBox="0 0 16 16"
                  width={16}
                  xmlns="http://www.w3.org/2000/svg"
                >
                  <path
                    d="M8 11L3 6l.7-.7L8 9.6l4.3-4.3.7.7z"
                  />
                  <title>
                    open list of options
                  </title>
                </svg>
              </div>
            </div>
          </div>
        </div>
        <span
          className="bx--pagination__text"
        >
          of 1 pages
        </span>
        <button
          aria-label="Previous page"
          className="bx--pagination__button bx--pagination__button--backward bx--pagination__button--no-index"
          disabled={true}
          onClick={[Function]}
        >
          <svg
            aria-hidden={true}
            focusable="false"
            height={24}
            preserveAspectRatio="xMidYMid meet"
            style={
              Object {
                "willChange": "transform",
              }
            }
            viewBox="0 0 32 32"
            width={24}
            xmlns="http://www.w3.org/2000/svg"
          >
            <path
              d="M19 23l-8-7 8-7v14z"
            />
          </svg>
        </button>
        <button
          aria-label="Next page"
          className="bx--pagination__button bx--pagination__button--forward bx--pagination__button--no-index"
          disabled={true}
          onClick={[Function]}
        >
          <svg
            aria-hidden={true}
            focusable="false"
            height={24}
            preserveAspectRatio="xMidYMid meet"
            style={
              Object {
                "willChange": "transform",
              }
            }
            viewBox="0 0 32 32"
            width={24}
            xmlns="http://www.w3.org/2000/svg"
          >
            <path
              d="M13 9l8 7-8 7V9z"
            />
          </svg>
        </button>
      </div>
    </div>
  </div>,
]
`;
