// Jest Snapshot v1, https://goo.gl/fbAQLP

exports[`SearchFilterBar --- Snapshot Capturing Snapshot of SearchFilterBar 1`] = `
<div
  className="b-search-filter"
>
  <div
    className="b-search-filter__search"
  >
    <div
      aria-labelledby="search-worfklows-label"
      className="bx--search bx--search--lg"
      role="search"
    >
      <svg
        alt="Search workflows"
        aria-label="Search workflows"
        className="bx--search-magnifier"
        fillRule="evenodd"
        height="16"
        role="img"
        viewBox="0 0 16 16"
        width="16"
      >
        <title>
          Search workflows
        </title>
        <path
          d="M6.5 12a5.5 5.5 0 1 0 0-11 5.5 5.5 0 0 0 0 11zm4.936-1.27l4.563 4.557-.707.708-4.563-4.558a6.5 6.5 0 1 1 .707-.707z"
        />
      </svg>
      <label
        className="bx--label"
        htmlFor="search-worfklows"
        id="search-worfklows-label"
      >
        Search workflows
      </label>
      <input
        className="bx--search-input"
        id="search-worfklows"
        onChange={[Function]}
        placeholder="Search workflows"
        type="text"
        value=""
      />
      <button
        className="bx--search-close bx--search-close--hidden"
        onClick={[Function]}
        type="button"
      >
        <svg
          alt="Provide a description that will be used as the title"
          aria-label="Provide a description that will be used as the title"
          fillRule="evenodd"
          height="16"
          role="img"
          viewBox="0 0 16 16"
          width="16"
        >
          <title>
            Provide a description that will be used as the title
          </title>
          <path
            d="M8 6.586L5.879 4.464 4.464 5.88 6.586 8l-2.122 2.121 1.415 1.415L8 9.414l2.121 2.122 1.415-1.415L9.414 8l2.122-2.121-1.415-1.415L8 6.586zM8 16A8 8 0 1 1 8 0a8 8 0 0 1 0 16z"
          />
        </svg>
      </button>
    </div>
  </div>
  <div
    className="b-search-filter__filter"
  >
    <div
      className="bx--form-item"
    >
      <div
        className="bx--select"
      >
        <label
          className="bx--label bx--visually-hidden"
          htmlFor="select"
        >
          Select
        </label>
        <select
          className="bx--select-input"
          defaultValue="test"
          id="select"
          onChange={[Function]}
          useTitleInItem={false}
        >
          <option
            className="bx--select-option"
            disabled={false}
            hidden={false}
            value="none"
          >
            All Workflows
          </option>
          <optgroup
            className="bx--select-optgroup"
            disabled={false}
            label="test"
          />
        </select>
        <svg
          alt="open list of options"
          aria-label="open list of options"
          className="bx--select__arrow"
          fillRule="evenodd"
          height="5"
          role="img"
          viewBox="0 0 10 5"
          width="10"
        >
          <title>
            open list of options
          </title>
          <path
            d="M0 0l5 4.998L10 0z"
          />
        </svg>
      </div>
    </div>
  </div>
</div>
`;
