// Jest Snapshot v1, https://goo.gl/fbAQLP

exports[`WidgetCard --- Snapshot Capturing Snapshot of WidgetCard 1`] = `
<body>
  <div>
    <div
      class="b-widget-card"
    >
      <div
        class="b-widget-card__title"
      >
        test title
      </div>
      <div
        class="b-widget-card__content"
      >
        test children
      </div>
    </div>
  </div>
</body>
`;
